// Jest Snapshot v1, https://goo.gl/fbAQLP

exports[`It should render correct type should render correct type 1`] = `
<div>
  <span
    class="api-type__type token tag class-name "
  >
    xs
  </span>
  <span
    class="api-type__symbol token tag punctuation"
  >
     | 
  </span>
  <span
    class="api-type__type token tag class-name "
  >
    sm
  </span>
  <span
    class="api-type__symbol token tag punctuation"
  >
     | 
  </span>
  <span
    class="api-type__type token tag class-name "
  >
    md
  </span>
  <span
    class="api-type__symbol token tag punctuation"
  >
     | 
  </span>
  <span
    class="api-type__type token tag class-name "
  >
    lg
  </span>
  <span
    class="api-type__symbol token tag punctuation"
  >
     | 
  </span>
  <span
    class="api-type__type token tag class-name "
  >
    xl
  </span>
</div>
`;
